../Core/Src/functions.c:35:6:sendHomingParameters	32	static
../Core/Src/functions.c:47:6:sendUARTMessage	16	static
../Core/Src/functions.c:51:6:system_initialisation	8	static
../Core/Src/functions.c:80:6:Return_xy	8	static
../Core/Src/functions.c:110:6:sendHomingCommand	24	static
../Core/Src/functions.c:130:6:sendCANCommandWithCRC	80	dynamic
../Core/Src/functions.c:153:9:calculateCRC	32	static
../Core/Src/functions.c:171:6:sendAbsoluteAxisCommand	40	static
../Core/Src/functions.c:196:6:moveToCoordinates	64	static
../Core/Src/functions.c:266:6:calibrateMotorEncoder	16	static
../Core/Src/functions.c:278:6:controlMotor5	40	static
../Core/Src/functions.c:322:6:rotatePhone	48	static
